// Jest Snapshot v1, https://goo.gl/fbAQLP

exports[`Countdown recountTime() should emit event "recount-time" with ratios 1`] = `
Object {
  "daysRatio": 0.8608247422680413,
  "hoursRatio": 0.4166666666666667,
  "minutesRatio": 0,
  "secondsRatio": 0,
}
`;

exports[`Countdown should construct MapCountdown in provided container 1`] = `
<div>
  <div
    class="map-countdown__countdown"
  >
    <div
      class="map-countdown__item"
    >
      <div
        class="map-countdown__number map-countdown__number--days"
        data-testid="map-countdown-days"
      >
        27
      </div>
      <h4
        class="map-countdown__label"
      >
        Dni
      </h4>
    </div>
    <div
      class="map-countdown__item"
    >
      <div
        class="map-countdown__number map-countdown__number--hours"
        data-testid="map-countdown-hours"
      >
        10
      </div>
      <h4
        class="map-countdown__label"
      >
        Godzin
      </h4>
    </div>
    <div
      class="map-countdown__item"
    >
      <div
        class="map-countdown__number map-countdown__number--minutes"
        data-testid="map-countdown-minutes"
      >
        0
      </div>
      <h4
        class="map-countdown__label"
      >
        Minut
      </h4>
    </div>
    <div
      class="map-countdown__item"
    >
      <div
        class="map-countdown__number map-countdown__number--seconds"
        data-testid="map-countdown-seconds"
      >
        0
      </div>
      <h4
        class="map-countdown__label"
      >
        Sekund
      </h4>
    </div>
  </div>
</div>
`;
